# bench_gguf, 5 runs, idle RTX 3090, after the Q3_K scale and Q4_K/Q5_K 64-bit-load changes
blk.1.ffn_up.weight        Q3_K           36.5      0.156      246.1      26.9%
blk.1.ffn_down.weight      IQ3_S          36.5      0.166      230.1      25.2%
blk.1.ffn_gate.weight      IQ2_S          27.2      0.122      234.6      25.7%
blk.0.attn_qkv.weight      IQ4_XS         26.6      0.097      288.1      31.5%
blk.3.attn_q.weight        IQ4_NL         33.8      0.128      276.1      30.2%
output.weight              Q5_K          833.6      1.492      586.0      64.1%
aggregate 482.6 GB/s (52.8% of the 914.2 GB/s measured DRAM read)

blk.1.ffn_up.weight        Q3_K           36.5      0.137      279.6      30.6%
blk.1.ffn_down.weight      IQ3_S          36.5      0.151      253.3      27.7%
blk.1.ffn_gate.weight      IQ2_S          27.2      0.108      265.5      29.0%
blk.0.attn_qkv.weight      IQ4_XS         26.6      0.085      328.1      35.9%
blk.3.attn_q.weight        IQ4_NL         33.8      0.097      365.1      39.9%
output.weight              Q5_K          833.6      1.535      569.5      62.3%
aggregate 493.5 GB/s (54.0% of the 914.2 GB/s measured DRAM read)

blk.1.ffn_up.weight        Q3_K           36.5      0.137      279.2      30.5%
blk.1.ffn_down.weight      IQ3_S          36.5      0.151      253.2      27.7%
blk.1.ffn_gate.weight      IQ2_S          27.2      0.108      265.3      29.0%
blk.0.attn_qkv.weight      IQ4_XS         26.6      0.085      327.7      35.8%
blk.3.attn_q.weight        IQ4_NL         33.8      0.097      365.6      40.0%
output.weight              Q5_K          833.6      1.440      607.0      66.4%
aggregate 516.6 GB/s (56.5% of the 914.2 GB/s measured DRAM read)

blk.1.ffn_up.weight        Q3_K           36.5      0.137      278.6      30.5%
blk.1.ffn_down.weight      IQ3_S          36.5      0.151      252.9      27.7%
blk.1.ffn_gate.weight      IQ2_S          27.2      0.108      265.0      29.0%
blk.0.attn_qkv.weight      IQ4_XS         26.6      0.085      327.5      35.8%
blk.3.attn_q.weight        IQ4_NL         33.8      0.097      364.4      39.9%
output.weight              Q5_K          833.6      1.438      608.0      66.5%
aggregate 517.0 GB/s (56.6% of the 914.2 GB/s measured DRAM read)

blk.1.ffn_up.weight        Q3_K           36.5      0.137      279.2      30.5%
blk.1.ffn_down.weight      IQ3_S          36.5      0.151      253.1      27.7%
blk.1.ffn_gate.weight      IQ2_S          27.2      0.108      265.3      29.0%
blk.0.attn_qkv.weight      IQ4_XS         26.6      0.085      327.5      35.8%
blk.3.attn_q.weight        IQ4_NL         33.8      0.097      364.9      39.9%
output.weight              Q5_K          833.6      1.411      619.5      67.8%
aggregate 524.1 GB/s (57.3% of the 914.2 GB/s measured DRAM read)

