=== DEVICE ===
name                     : NVIDIA GeForce RTX 3090
compute capability       : sm_86
SMs                      : 82
clock (max)              : 1710 MHz
memory clock             : 9751 MHz
memory bus width         : 384 bit
theoretical peak BW      : 936.1 GB/s
L2 cache                 : 6.00 MB
shared mem / block (opt-in): 99 KB
shared mem / SM          : 100 KB
regs / SM                : 65536
total VRAM               : 23.57 GiB
free  VRAM               : 22.64 GiB  (0.93 GiB already in use)

=== DRAM BANDWIDTH ===
streaming read  (2 GiB) : 2.35 ms median -> 914.2 GB/s   [p95 2.36 ms]
copy read+write (2 GiB) : 5.11 ms median -> 839.7 GB/s effective
L2-resident read (4 MB) : 0.0975 ms median -> 8603.3 GB/s  [200 reps in-kernel]

=== DECODE ROOFLINE PROXY ===
weight footprint/token  : 12.435 GiB
at measured read BW     : 14.60 ms/token -> 68.5 tok/s AR CEILING

=== BF16 TENSOR CORES ===
mma.sync.m16n8k16.bf16  : 10.54 ms -> 81.6 TFLOPS
  datasheet GA102 dense  : 71.8 TFLOPS (82 SM x 256 FMA/clk x 2 x 1.710 GHz)

=== cp.async (LDGSTS) vs LDG+STS ===
cp.async.cg 16B/thread  : 5.94 ms -> 904.5 GB/s
LDG+STS      16B/thread : 5.92 ms -> 907.3 GB/s
cp.async speedup        : 1.00x

=== SHARED MEMORY CEILING (head_dim 256 attention) ===
opt-in max smem/block   : 99 KB
Br=64,Bc=64 Q+K+V bf16  : 96 KB  fits
Br=64,Bc=32 Q+K+V bf16  : 64 KB  fits
Br=32,Bc=32 Q+K+V bf16  : 48 KB  fits
Br=64,Bc=64 K,V in fp8  : 64 KB

OK
